{
  "Label": null,
  "Path": null,
  "Data": {
    "userAccountName": {
      "accountName": "Adegoke Similoluwa Matthias"
    }
  },
  "Errors": null,
  "Extensions": null,
  "ContextData": null,
  "HasNext": null
}
