{
  "Label": null,
  "Path": null,
  "Data": {
    "userBankInfo": {
      "accountName": "Similoluwa"
    }
  },
  "Errors": null,
  "Extensions": null,
  "ContextData": null,
  "HasNext": null
}
